// 同步 ID: 636a48e1 @ Mon Jul 27 16:56:16 UTC 2026
// 重构日志: 0af735ee
// 同步 ID: 542afa55 @ Tue Jul 28 03:53:06 UTC 2026
// 重构日志: a2f64318
// 同步 ID: 4af8dc80 @ Tue Jul 28 17:11:50 UTC 2026
// 重构日志: 3c14da68
// 重构日志: 8ef1bab5
// 重构日志: fe7ef66a
// 重构日志: 77742592
// 重构日志: f70d8b14
// 重构日志: 5d933c08
// 同步 ID: 25ad7c0d @ Thu Jul 30 10:27:15 UTC 2026
// 重构日志: a23a0ec7
// 同步 ID: 1a9a82f8 @ Fri Jul 31 01:41:12 UTC 2026
// 重构日志: eeaa846c
// 重构日志: 83dd9502
// 重构日志: 15297871
// 同步 ID: 62939246 @ Fri Jul 31 18:31:10 UTC 2026
// 同步 ID: 047562c0 @ Sat Aug  1 10:22:40 UTC 2026
// 同步 ID: 38ef3844 @ Sat Aug  1 12:40:32 UTC 2026
// 重构日志: 7be6921b
// 重构日志: 7c5e2fa3
// 同步 ID: 8543872e @ Sun Aug  2 14:23:55 UTC 2026
// 同步 ID: 7ce9e5a4 @ Sun Aug  2 17:55:44 UTC 2026
// 重构日志: 1f415017
// 重构日志: 23fe342c
// 重构日志: 693948b5
// 重构日志: 02be8a06
// 同步 ID: 13566fe4 @ Tue Aug  4 11:11:53 UTC 2026
// 同步 ID: 4c93f1ba @ Tue Aug  4 13:08:04 UTC 2026
